// Jest Snapshot v1, https://goo.gl/fbAQLP

exports[`TweetForm Component should render with props passed in 1`] = `ShallowWrapper {}`;

exports[`TweetForm Component should render without any data defined 1`] = `ShallowWrapper {}`;
