// Jest Snapshot v1, https://goo.gl/fbAQLP

exports[`TweetFormHeader Component should render without any data defined 1`] = `ShallowWrapper {}`;
